{
    "jobVertices":[
        {
            "id":"b5c8d46f3e7b141acf271f12622e752b",
            "parallelism":4,
            "name":"GroupAggregate_group -> Sink_Sink_table_defa",
            "inputs":[
                {
                    "id":"20ba6b65f97481d5570070de90e4e791",
                    "shipStrategy":"HASH"
                }
            ],
            "containedNodes":[
                "055b3b62c7d63b163dab953aac270a3c",
                "b5c8d46f3e7b141acf271f12622e752b"
            ]
        },
        {
            "id":"20ba6b65f97481d5570070de90e4e791",
            "parallelism":4,
            "name":"WatermarkAssigner_ro -> Calc_select_id_name_",
            "inputs":[
                {
                    "id":"bc764cd8ddf7a0cff126f51c16239658",
                    "shipStrategy":"RESCALE"
                }
            ],
            "containedNodes":[
                "c09dc291fad93d575e015871097bfc60",
                "20ba6b65f97481d5570070de90e4e791"
            ]
        },
        {
            "id":"bc764cd8ddf7a0cff126f51c16239658",
            "parallelism":1,
            "name":"Source_TableSourceSc",
            "containedNodes":[
                "bc764cd8ddf7a0cff126f51c16239658"
            ]
        }
    ],
    "streamNodes":[
        {
            "nodeDesc":"bc764cd8ddf7a0cff126f51c16239658",
            "name":"Source_TableSourceSc",
            "uid":"bc764cd8ddf7a0cff126f51c16239658",
            "description":"Source: TableSourceScan(table=[[default_catalog, default_database, source1]], fields=[id, name, num, eventtime])",
            "parallelism":1
        },
        {
            "nodeDesc":"20ba6b65f97481d5570070de90e4e791",
            "name":"WatermarkAssigner_ro",
            "uid":"20ba6b65f97481d5570070de90e4e791",
            "description":"WatermarkAssigner(rowtime=[eventtime], watermark=[(eventtime - 5000:INTERVAL SECOND)])",
            "parallelism":4,
            "inputs":[
                {
                    "nodeDesc":"bc764cd8ddf7a0cff126f51c16239658",
                    "shipStrategy":"RESCALE"
                }
            ]
        },
        {
            "nodeDesc":"c09dc291fad93d575e015871097bfc60",
            "name":"Calc_select_id_name_",
            "uid":"c09dc291fad93d575e015871097bfc60",
            "description":"Calc(select=[id, name, num])",
            "parallelism":4,
            "inputs":[
                {
                    "nodeDesc":"20ba6b65f97481d5570070de90e4e791",
                    "shipStrategy":"FORWARD"
                }
            ]
        },
        {
            "nodeDesc":"b5c8d46f3e7b141acf271f12622e752b",
            "name":"GroupAggregate_group",
            "uid":"b5c8d46f3e7b141acf271f12622e752b",
            "description":"GroupAggregate(groupBy=[id, name], select=[id, name, SUM(num) AS EXPR$2])",
            "parallelism":4,
            "inputs":[
                {
                    "nodeDesc":"c09dc291fad93d575e015871097bfc60",
                    "shipStrategy":"HASH"
                }
            ]
        },
        {
            "nodeDesc":"055b3b62c7d63b163dab953aac270a3c",
            "name":"Sink_Sink_table_defa",
            "uid":"055b3b62c7d63b163dab953aac270a3c",
            "description":"Sink: Sink(table=[default_catalog.default_database.sink], fields=[id, name, num])",
            "parallelism":4,
            "inputs":[
                {
                    "nodeDesc":"b5c8d46f3e7b141acf271f12622e752b",
                    "shipStrategy":"FORWARD"
                }
            ]
        }
    ]
}
