{
    "jobVertices":[
        {
            "id":"78e1c2a5ca3c922f751946d4b080fbc6",
            "parallelism":4,
            "name":"IntervalJoin_joinTyp -> Calc_select_id_desc_ -> Sink_Sink_table_defa",
            "inputs":[
                {
                    "id":"51397532e2d9c7a21097a30d590b3114",
                    "shipStrategy":"HASH"
                },
                {
                    "id":"798f7268aeb5fde00858b7c9723d65f1",
                    "shipStrategy":"HASH"
                }
            ],
            "containedNodes":[
                "fe1036e48d45cdf80a45285a02d1569c",
                "b92128d2c3686ea3d36290914e3b5fc6",
                "78e1c2a5ca3c922f751946d4b080fbc6"
            ]
        },
        {
            "id":"51397532e2d9c7a21097a30d590b3114",
            "parallelism":4,
            "name":"WatermarkAssigner_ro -> Calc_select_id_num_e",
            "inputs":[
                {
                    "id":"bc764cd8ddf7a0cff126f51c16239658",
                    "shipStrategy":"RESCALE"
                }
            ],
            "containedNodes":[
                "e1aa9a3f1b74e8aee21b292597024e03",
                "51397532e2d9c7a21097a30d590b3114"
            ]
        },
        {
            "id":"bc764cd8ddf7a0cff126f51c16239658",
            "parallelism":1,
            "name":"Source_TableSourceSc",
            "containedNodes":[
                "bc764cd8ddf7a0cff126f51c16239658"
            ]
        },
        {
            "id":"798f7268aeb5fde00858b7c9723d65f1",
            "parallelism":4,
            "name":"WatermarkAssigner_ro_1",
            "inputs":[
                {
                    "id":"feca28aff5a3958840bee985ee7de4d3",
                    "shipStrategy":"RESCALE"
                }
            ],
            "containedNodes":[
                "798f7268aeb5fde00858b7c9723d65f1"
            ]
        },
        {
            "id":"feca28aff5a3958840bee985ee7de4d3",
            "parallelism":1,
            "name":"Source_TableSourceSc_1",
            "containedNodes":[
                "feca28aff5a3958840bee985ee7de4d3"
            ]
        }
    ],
    "streamNodes":[
        {
            "nodeDesc":"bc764cd8ddf7a0cff126f51c16239658",
            "name":"Source_TableSourceSc",
            "uid":"bc764cd8ddf7a0cff126f51c16239658",
            "description":"Source: TableSourceScan(table=[[default_catalog, default_database, source1]], fields=[id, name, num, eventtime])",
            "parallelism":1
        },
        {
            "nodeDesc":"51397532e2d9c7a21097a30d590b3114",
            "name":"WatermarkAssigner_ro",
            "uid":"51397532e2d9c7a21097a30d590b3114",
            "description":"WatermarkAssigner(rowtime=[eventtime], watermark=[(eventtime - 5000:INTERVAL SECOND)])",
            "parallelism":4,
            "inputs":[
                {
                    "nodeDesc":"bc764cd8ddf7a0cff126f51c16239658",
                    "shipStrategy":"RESCALE"
                }
            ]
        },
        {
            "nodeDesc":"e1aa9a3f1b74e8aee21b292597024e03",
            "name":"Calc_select_id_num_e",
            "uid":"e1aa9a3f1b74e8aee21b292597024e03",
            "description":"Calc(select=[id, num, eventtime])",
            "parallelism":4,
            "inputs":[
                {
                    "nodeDesc":"51397532e2d9c7a21097a30d590b3114",
                    "shipStrategy":"FORWARD"
                }
            ]
        },
        {
            "nodeDesc":"feca28aff5a3958840bee985ee7de4d3",
            "name":"Source_TableSourceSc_1",
            "uid":"feca28aff5a3958840bee985ee7de4d3",
            "description":"Source: TableSourceScan(table=[[default_catalog, default_database, source2]], fields=[id, desc, eventtime])",
            "parallelism":1
        },
        {
            "nodeDesc":"798f7268aeb5fde00858b7c9723d65f1",
            "name":"WatermarkAssigner_ro_1",
            "uid":"798f7268aeb5fde00858b7c9723d65f1",
            "description":"WatermarkAssigner(rowtime=[eventtime], watermark=[(eventtime - 5000:INTERVAL SECOND)])",
            "parallelism":4,
            "inputs":[
                {
                    "nodeDesc":"feca28aff5a3958840bee985ee7de4d3",
                    "shipStrategy":"RESCALE"
                }
            ]
        },
        {
            "nodeDesc":"78e1c2a5ca3c922f751946d4b080fbc6",
            "name":"IntervalJoin_joinTyp",
            "uid":"78e1c2a5ca3c922f751946d4b080fbc6",
            "description":"IntervalJoin(joinType=[InnerJoin], windowBounds=[isRowTime=true, leftLowerBound=-3600000, leftUpperBound=3600000, leftTimeIndex=2, rightTimeIndex=2], where=[((id = id0) AND (eventtime >= (eventtime0 - 3600000:INTERVAL HOUR)) AND (eventtime <= (eventtime0 + 3600000:INTERVAL HOUR)))], select=[id, num, eventtime, id0, desc, eventtime0])",
            "parallelism":4,
            "inputs":[
                {
                    "nodeDesc":"e1aa9a3f1b74e8aee21b292597024e03",
                    "shipStrategy":"HASH"
                },
                {
                    "nodeDesc":"798f7268aeb5fde00858b7c9723d65f1",
                    "shipStrategy":"HASH"
                }
            ]
        },
        {
            "nodeDesc":"b92128d2c3686ea3d36290914e3b5fc6",
            "name":"Calc_select_id_desc_",
            "uid":"b92128d2c3686ea3d36290914e3b5fc6",
            "description":"Calc(select=[id, desc, num])",
            "parallelism":4,
            "inputs":[
                {
                    "nodeDesc":"78e1c2a5ca3c922f751946d4b080fbc6",
                    "shipStrategy":"FORWARD"
                }
            ]
        },
        {
            "nodeDesc":"fe1036e48d45cdf80a45285a02d1569c",
            "name":"Sink_Sink_table_defa",
            "uid":"fe1036e48d45cdf80a45285a02d1569c",
            "description":"Sink: Sink(table=[default_catalog.default_database.sink], fields=[id, name, num])",
            "parallelism":4,
            "inputs":[
                {
                    "nodeDesc":"b92128d2c3686ea3d36290914e3b5fc6",
                    "shipStrategy":"FORWARD"
                }
            ]
        }
    ]
}
