{
    "jobVertices":[
        {
            "id":"b080e590961014636a30c94838ad784a",
            "parallelism":4,
            "name":"GroupAggregate_group -> Sink_Sink_table_defa",
            "inputs":[
                {
                    "id":"51397532e2d9c7a21097a30d590b3114",
                    "shipStrategy":"HASH"
                },
                {
                    "id":"8b9f3e513101bcc5d198aee685286d98",
                    "shipStrategy":"HASH"
                }
            ],
            "containedNodes":[
                "f7b1fba6d83db738b317718374477110",
                "b080e590961014636a30c94838ad784a"
            ]
        },
        {
            "id":"51397532e2d9c7a21097a30d590b3114",
            "parallelism":4,
            "name":"WatermarkAssigner_ro -> Calc_select_id_name_",
            "inputs":[
                {
                    "id":"bc764cd8ddf7a0cff126f51c16239658",
                    "shipStrategy":"RESCALE"
                }
            ],
            "containedNodes":[
                "e1aa9a3f1b74e8aee21b292597024e03",
                "51397532e2d9c7a21097a30d590b3114"
            ]
        },
        {
            "id":"bc764cd8ddf7a0cff126f51c16239658",
            "parallelism":1,
            "name":"Source_TableSourceSc",
            "containedNodes":[
                "bc764cd8ddf7a0cff126f51c16239658"
            ]
        },
        {
            "id":"8b9f3e513101bcc5d198aee685286d98",
            "parallelism":4,
            "name":"WatermarkAssigner_ro_1 -> Calc_select_id_desc_",
            "inputs":[
                {
                    "id":"feca28aff5a3958840bee985ee7de4d3",
                    "shipStrategy":"RESCALE"
                }
            ],
            "containedNodes":[
                "10d2d5f80cb0f089bed012a81510aa25",
                "8b9f3e513101bcc5d198aee685286d98"
            ]
        },
        {
            "id":"feca28aff5a3958840bee985ee7de4d3",
            "parallelism":1,
            "name":"Source_TableSourceSc_1",
            "containedNodes":[
                "feca28aff5a3958840bee985ee7de4d3"
            ]
        }
    ],
    "streamNodes":[
        {
            "nodeDesc":"bc764cd8ddf7a0cff126f51c16239658",
            "name":"Source_TableSourceSc",
            "jobVertexID":"bc764cd8ddf7a0cff126f51c16239658",
            "generatedOperatorID":"bc764cd8ddf7a0cff126f51c16239658",
            "description":"Source: TableSourceScan(table=[[default_catalog, default_database, source1]], fields=[id, name, num, eventtime])",
            "parallelism":1,
            "hasState":true,
            "isChanged":false,
            "isFromOldGraph":false
        },
        {
            "nodeDesc":"51397532e2d9c7a21097a30d590b3114",
            "name":"WatermarkAssigner_ro",
            "jobVertexID":"51397532e2d9c7a21097a30d590b3114",
            "generatedOperatorID":"51397532e2d9c7a21097a30d590b3114",
            "description":"WatermarkAssigner(rowtime=[eventtime], watermark=[(eventtime - 5000:INTERVAL SECOND)])",
            "parallelism":4,
            "hasState":false,
            "isChanged":false,
            "isFromOldGraph":false,
            "inputs":[
                {
                    "nodeDesc":"bc764cd8ddf7a0cff126f51c16239658",
                    "nodeName":"Source: TableSourceScan(table=[[default_catalog, default_database, source1]], fields=[id, name, num, eventtime])",
                    "shipStrategy":"RESCALE"
                }
            ],
            "outputs":[
                {
                    "nodeDesc":"e1aa9a3f1b74e8aee21b292597024e03",
                    "nodeName":"Calc(select=[id, name, num])",
                    "shipStrategy":"FORWARD"
                }
            ]
        },
        {
            "nodeDesc":"e1aa9a3f1b74e8aee21b292597024e03",
            "name":"Calc_select_id_name_",
            "jobVertexID":"51397532e2d9c7a21097a30d590b3114",
            "generatedOperatorID":"e1aa9a3f1b74e8aee21b292597024e03",
            "description":"Calc(select=[id, name, num])",
            "parallelism":4,
            "hasState":false,
            "isChanged":false,
            "isFromOldGraph":false,
            "inputs":[
                {
                    "nodeDesc":"51397532e2d9c7a21097a30d590b3114",
                    "nodeName":"WatermarkAssigner(rowtime=[eventtime], watermark=[(eventtime - 5000:INTERVAL SECOND)])",
                    "shipStrategy":"FORWARD"
                }
            ],
            "outputs":[
                {
                    "nodeDesc":"b080e590961014636a30c94838ad784a",
                    "nodeName":"GroupAggregate(groupBy=[id, name], select=[id, name, SUM(num) AS EXPR$2])",
                    "shipStrategy":"HASH"
                }
            ]
        },
        {
            "nodeDesc":"feca28aff5a3958840bee985ee7de4d3",
            "name":"Source_TableSourceSc_1",
            "jobVertexID":"feca28aff5a3958840bee985ee7de4d3",
            "generatedOperatorID":"feca28aff5a3958840bee985ee7de4d3",
            "description":"Source: TableSourceScan(table=[[default_catalog, default_database, source2]], fields=[id, desc, eventtime])",
            "parallelism":1,
            "hasState":true,
            "isChanged":false,
            "isFromOldGraph":false
        },
        {
            "nodeDesc":"8b9f3e513101bcc5d198aee685286d98",
            "name":"WatermarkAssigner_ro_1",
            "jobVertexID":"8b9f3e513101bcc5d198aee685286d98",
            "generatedOperatorID":"8b9f3e513101bcc5d198aee685286d98",
            "description":"WatermarkAssigner(rowtime=[eventtime], watermark=[(eventtime - 5000:INTERVAL SECOND)])",
            "parallelism":4,
            "hasState":false,
            "isChanged":false,
            "isFromOldGraph":false,
            "inputs":[
                {
                    "nodeDesc":"feca28aff5a3958840bee985ee7de4d3",
                    "nodeName":"Source: TableSourceScan(table=[[default_catalog, default_database, source2]], fields=[id, desc, eventtime])",
                    "shipStrategy":"RESCALE"
                }
            ],
            "outputs":[
                {
                    "nodeDesc":"10d2d5f80cb0f089bed012a81510aa25",
                    "nodeName":"Calc(select=[id, desc AS name, CAST(CHAR_LENGTH(desc)) AS num])",
                    "shipStrategy":"FORWARD"
                }
            ]
        },
        {
            "nodeDesc":"10d2d5f80cb0f089bed012a81510aa25",
            "name":"Calc_select_id_desc_",
            "jobVertexID":"8b9f3e513101bcc5d198aee685286d98",
            "generatedOperatorID":"10d2d5f80cb0f089bed012a81510aa25",
            "description":"Calc(select=[id, desc AS name, CAST(CHAR_LENGTH(desc)) AS num])",
            "parallelism":4,
            "hasState":false,
            "isChanged":false,
            "isFromOldGraph":false,
            "inputs":[
                {
                    "nodeDesc":"8b9f3e513101bcc5d198aee685286d98",
                    "nodeName":"WatermarkAssigner(rowtime=[eventtime], watermark=[(eventtime - 5000:INTERVAL SECOND)])",
                    "shipStrategy":"FORWARD"
                }
            ],
            "outputs":[
                {
                    "nodeDesc":"b080e590961014636a30c94838ad784a",
                    "nodeName":"GroupAggregate(groupBy=[id, name], select=[id, name, SUM(num) AS EXPR$2])",
                    "shipStrategy":"HASH"
                }
            ]
        },
        {
            "nodeDesc":"b080e590961014636a30c94838ad784a",
            "name":"GroupAggregate_group",
            "jobVertexID":"b080e590961014636a30c94838ad784a",
            "generatedOperatorID":"6b625dc30411f4ba1ae11cc17ecfecef",
            "userProvidedHash":"b5c8d46f3e7b141acf271f12622e752b",
            "description":"GroupAggregate(groupBy=[id, name], select=[id, name, SUM(num) AS EXPR$2])",
            "parallelism":4,
            "hasState":true,
            "isChanged":true,
            "isFromOldGraph":true,
            "inputs":[
                {
                    "nodeDesc":"e1aa9a3f1b74e8aee21b292597024e03",
                    "nodeName":"Calc(select=[id, name, num])",
                    "shipStrategy":"HASH"
                },
                {
                    "nodeDesc":"10d2d5f80cb0f089bed012a81510aa25",
                    "nodeName":"Calc(select=[id, desc AS name, CAST(CHAR_LENGTH(desc)) AS num])",
                    "shipStrategy":"HASH"
                }
            ],
            "outputs":[
                {
                    "nodeDesc":"f7b1fba6d83db738b317718374477110",
                    "nodeName":"Sink: Sink(table=[default_catalog.default_database.sink], fields=[id, name, num])",
                    "shipStrategy":"FORWARD"
                }
            ]
        },
        {
            "nodeDesc":"f7b1fba6d83db738b317718374477110",
            "name":"Sink_Sink_table_defa",
            "jobVertexID":"b080e590961014636a30c94838ad784a",
            "generatedOperatorID":"2c5343f54a3c57e1c3c6a40a3225e5b5",
            "description":"Sink: Sink(table=[default_catalog.default_database.sink], fields=[id, name, num])",
            "parallelism":4,
            "hasState":false,
            "isChanged":false,
            "isFromOldGraph":false,
            "inputs":[
                {
                    "nodeDesc":"b080e590961014636a30c94838ad784a",
                    "nodeName":"GroupAggregate(groupBy=[id, name], select=[id, name, SUM(num) AS EXPR$2])",
                    "shipStrategy":"FORWARD"
                }
            ],
            "outputs":[

            ]
        }
    ],
    "sources":[
        "feca28aff5a3958840bee985ee7de4d3",
        "bc764cd8ddf7a0cff126f51c16239658"
    ]
}
