{
    "jobVertices":[
        {
            "id":"b5c8d46f3e7b141acf271f12622e752b",
            "parallelism":4,
            "name":"GroupAggregate_group -> Sink_Sink_table_defa",
            "inputs":[
                {
                    "id":"20ba6b65f97481d5570070de90e4e791",
                    "shipStrategy":"HASH"
                }
            ],
            "containedNodes":[
                "055b3b62c7d63b163dab953aac270a3c",
                "b5c8d46f3e7b141acf271f12622e752b"
            ]
        },
        {
            "id":"20ba6b65f97481d5570070de90e4e791",
            "parallelism":4,
            "name":"WatermarkAssigner_ro -> Calc_select_id_name_",
            "inputs":[
                {
                    "id":"bc764cd8ddf7a0cff126f51c16239658",
                    "shipStrategy":"RESCALE"
                }
            ],
            "containedNodes":[
                "c09dc291fad93d575e015871097bfc60",
                "20ba6b65f97481d5570070de90e4e791"
            ]
        },
        {
            "id":"bc764cd8ddf7a0cff126f51c16239658",
            "parallelism":1,
            "name":"Source_TableSourceSc",
            "containedNodes":[
                "bc764cd8ddf7a0cff126f51c16239658"
            ]
        }
    ],
    "streamNodes":[
        {
            "nodeDesc":"bc764cd8ddf7a0cff126f51c16239658",
            "name":"Source_TableSourceSc",
            "jobVertexID":"bc764cd8ddf7a0cff126f51c16239658",
            "generatedOperatorID":"bc764cd8ddf7a0cff126f51c16239658",
            "description":"Source: TableSourceScan(table=[[default_catalog, default_database, source1]], fields=[id, name, num, eventtime])",
            "parallelism":1,
            "hasState":true,
            "isChanged":false,
            "isFromOldGraph":false
        },
        {
            "nodeDesc":"20ba6b65f97481d5570070de90e4e791",
            "name":"WatermarkAssigner_ro",
            "jobVertexID":"20ba6b65f97481d5570070de90e4e791",
            "generatedOperatorID":"20ba6b65f97481d5570070de90e4e791",
            "description":"WatermarkAssigner(rowtime=[eventtime], watermark=[(eventtime - 5000:INTERVAL SECOND)])",
            "parallelism":4,
            "hasState":false,
            "isChanged":false,
            "isFromOldGraph":false,
            "inputs":[
                {
                    "nodeDesc":"bc764cd8ddf7a0cff126f51c16239658",
                    "nodeName":"Source: TableSourceScan(table=[[default_catalog, default_database, source1]], fields=[id, name, num, eventtime])",
                    "shipStrategy":"RESCALE"
                }
            ],
            "outputs":[
                {
                    "nodeDesc":"c09dc291fad93d575e015871097bfc60",
                    "nodeName":"Calc(select=[id, name, num])",
                    "shipStrategy":"FORWARD"
                }
            ]
        },
        {
            "nodeDesc":"c09dc291fad93d575e015871097bfc60",
            "name":"Calc_select_id_name_",
            "jobVertexID":"20ba6b65f97481d5570070de90e4e791",
            "generatedOperatorID":"b0cc949b6060f0b490d4fd0da2507071",
            "userProvidedHash":"4ab008489d4c8ed0fe577883438cc1ff",
            "description":"Calc(select=[id, name, num])",
            "parallelism":4,
            "hasState":false,
            "isChanged":true,
            "isFromOldGraph":true,
            "inputs":[
                {
                    "nodeDesc":"20ba6b65f97481d5570070de90e4e791",
                    "nodeName":"WatermarkAssigner(rowtime=[eventtime], watermark=[(eventtime - 5000:INTERVAL SECOND)])",
                    "shipStrategy":"FORWARD"
                }
            ],
            "outputs":[
                {
                    "nodeDesc":"b5c8d46f3e7b141acf271f12622e752b",
                    "nodeName":"GroupAggregate(groupBy=[id, name], select=[id, name, SUM(num) AS EXPR$2])",
                    "shipStrategy":"HASH"
                }
            ]
        },
        {
            "nodeDesc":"b5c8d46f3e7b141acf271f12622e752b",
            "name":"GroupAggregate_group",
            "jobVertexID":"b5c8d46f3e7b141acf271f12622e752b",
            "generatedOperatorID":"c5998265a4c2d9f901f2ba6ec905f93a",
            "description":"GroupAggregate(groupBy=[id, name], select=[id, name, SUM(num) AS EXPR$2])",
            "parallelism":4,
            "hasState":true,
            "isChanged":false,
            "isFromOldGraph":false,
            "inputs":[
                {
                    "nodeDesc":"c09dc291fad93d575e015871097bfc60",
                    "nodeName":"Calc(select=[id, name, num])",
                    "shipStrategy":"HASH"
                }
            ],
            "outputs":[
                {
                    "nodeDesc":"055b3b62c7d63b163dab953aac270a3c",
                    "nodeName":"Sink: Sink(table=[default_catalog.default_database.sink], fields=[id, name, num])",
                    "shipStrategy":"FORWARD"
                }
            ]
        },
        {
            "nodeDesc":"055b3b62c7d63b163dab953aac270a3c",
            "name":"Sink_Sink_table_defa",
            "jobVertexID":"b5c8d46f3e7b141acf271f12622e752b",
            "generatedOperatorID":"750a6d685d6ff6f5f37e3046070c862d",
            "description":"Sink: Sink(table=[default_catalog.default_database.sink], fields=[id, name, num])",
            "parallelism":4,
            "hasState":false,
            "isChanged":false,
            "isFromOldGraph":false,
            "inputs":[
                {
                    "nodeDesc":"b5c8d46f3e7b141acf271f12622e752b",
                    "nodeName":"GroupAggregate(groupBy=[id, name], select=[id, name, SUM(num) AS EXPR$2])",
                    "shipStrategy":"FORWARD"
                }
            ],
            "outputs":[

            ]
        }
    ],
    "sources":[
        "bc764cd8ddf7a0cff126f51c16239658"
    ]
}
