+I(Bob,[20, 25, 15, 10, 5, 10])
+I(Tom,[5, 10, 15])
+I(Kim,[20, 5, 15, 10])
+I(Kim,[20, 5, 15, 10])
+I(Lucy,null)
+I(Tom,[5, 10, 15])
+I(Lucy,null)
+I(Kim,[20, 5, 15, 10])
+I(Lucy,null)
+I(Bob,[20, 25, 15, 10, 5, 10])
+I(Bob,[20, 25, 15, 10, 5, 10])
+I(Bob,[20, 25, 15, 10, 5, 10])
+I(Tom,[5, 10, 15])
+I(Lucy,null)
+I(Kim,[20, 5, 15, 10])
+I(Kim,[20, 5, 15, 10])
