+I(Bob,10,null,null)
+I(Tom,22,null,null)
+I(Kim,15,10,18)
+I(Kim,47,null,null)
+I(Lucy,19,5,20)
+I(Tom,34,null,null)
+I(Lucy,76,null,null)
+I(Kim,54,null,null)
+I(Lucy,78,null,null)
+I(Bob,25,null,null)
+I(Bob,37,null,null)
+I(Bob,68,null,null)
+I(Tom,72,20,6)
+I(Lucy,79,25,4)
+I(Kim,60,null,null)
+I(Kim,63,null,null)
