+I(Bob,25)
+I(Tom,15)
+I(Kim,15)
+I(Kim,15)
+I(Lucy,null)
+I(Tom,15)
+I(Lucy,null)
+I(Kim,15)
+I(Lucy,null)
+I(Bob,25)
+I(Bob,25)
+I(Bob,25)
+I(Tom,15)
+I(Lucy,null)
+I(Kim,15)
+I(Kim,15)
