+I(Bob,68,20,7)
+I(Tom,68,20,7)
+I(Kim,68,20,7)
+I(Kim,68,20,7)
+I(Lucy,null,null,null)
+I(Tom,68,20,7)
+I(Lucy,null,null,null)
+I(Kim,68,20,7)
+I(Lucy,null,null,null)
+I(Bob,68,20,7)
+I(Bob,68,20,7)
+I(Bob,68,20,7)
+I(Tom,68,20,7)
+I(Lucy,null,null,null)
+I(Kim,68,20,7)
+I(Kim,68,20,7)
