+I(Bob,10,0,null)
+I(Tom,22,10,null)
+I(Kim,15,5,null)
+I(Kim,47,10,43)
+I(Lucy,19,20,91)
+I(Tom,34,15,21)
+I(Lucy,76,30,null)
+I(Kim,54,10,null)
+I(Lucy,78,30,null)
+I(Bob,25,5,null)
+I(Bob,37,10,null)
+I(Bob,68,20,76)
+I(Tom,72,30,null)
+I(Lucy,79,35,null)
+I(Kim,60,15,null)
+I(Kim,63,15,null)
