+I(Bob,null,null,null)
+I(Tom,83,20,7)
+I(Kim,79,10,8)
+I(Kim,79,10,8)
+I(Lucy,null,null,null)
+I(Tom,83,20,7)
+I(Lucy,null,null,null)
+I(Kim,79,10,8)
+I(Lucy,null,null,null)
+I(Bob,null,null,null)
+I(Bob,null,null,null)
+I(Bob,null,null,null)
+I(Tom,83,20,7)
+I(Lucy,null,null,null)
+I(Kim,79,10,8)
+I(Kim,79,10,8)
