+I(Bob,10,null,null)
+I(Tom,22,null,null)
+I(Kim,15,null,null)
+I(Kim,47,10,8)
+I(Lucy,19,null,null)
+I(Tom,34,null,null)
+I(Lucy,76,null,null)
+I(Kim,54,null,null)
+I(Lucy,78,null,null)
+I(Bob,25,null,null)
+I(Bob,37,null,null)
+I(Bob,68,null,null)
+I(Tom,72,null,null)
+I(Lucy,79,null,null)
+I(Kim,60,null,null)
+I(Kim,63,null,null)
