+I(Bob,0,null)
+I(Tom,10,15)
+I(Kim,5,null)
+I(Kim,10,null)
+I(Lucy,20,null)
+I(Tom,15,null)
+I(Lucy,30,null)
+I(Kim,10,null)
+I(Lucy,30,null)
+I(Bob,5,15)
+I(Bob,10,null)
+I(Bob,20,25)
+I(Tom,30,null)
+I(Lucy,35,null)
+I(Kim,15,null)
+I(Kim,15,null)
