+I(Bob,43)
+I(Tom,null)
+I(Kim,null)
+I(Kim,null)
+I(Lucy,68)
+I(Tom,null)
+I(Lucy,68)
+I(Kim,null)
+I(Lucy,68)
+I(Bob,43)
+I(Bob,43)
+I(Bob,43)
+I(Tom,null)
+I(Lucy,68)
+I(Kim,null)
+I(Kim,null)
