+I(Bob,null,null,null)
+I(Tom,72,20,6)
+I(Kim,15,10,18)
+I(Kim,15,10,18)
+I(Lucy,19,5,20)
+I(Tom,72,20,6)
+I(Lucy,19,5,20)
+I(Kim,15,10,18)
+I(Lucy,19,5,20)
+I(Bob,null,null,null)
+I(Bob,null,null,null)
+I(Bob,null,null,null)
+I(Tom,72,20,6)
+I(Lucy,19,5,20)
+I(Kim,15,10,18)
+I(Kim,15,10,18)
