== Abstract Syntax Tree ==
LogicalLegacySink(name=[`default_catalog`.`default_database`.`MySink1`], fields=[first])
+- LogicalProject(first=[$0])
   +- LogicalTableScan(table=[[default_catalog, default_database, MyTable]])

== Optimized Logical Plan ==
LegacySink(name=[`default_catalog`.`default_database`.`MySink1`], fields=[first])
+- Calc(select=[first])
   +- DataStreamScan(table=[[default_catalog, default_database, MyTable]], fields=[first, id, score, last])

== Physical Execution Plan ==
 : Data Source
	content : Source_Collection_So

	 : Operator
		content : SourceConversion_tab
		ship_strategy : FORWARD

		 : Operator
			content : Calc_select_first_
			ship_strategy : FORWARD

			 : Operator
				content : SinkConversionToRow
				ship_strategy : FORWARD

				 : Operator
					content : Map
					ship_strategy : FORWARD

					 : Data Sink
						content : Sink_CsvTableSink_fi
						ship_strategy : FORWARD

