== Abstract Syntax Tree ==
LogicalLegacySink(name=[`default_catalog`.`default_database`.`MySink1`], fields=[first])
+- LogicalProject(first=[$0])
   +- LogicalTableScan(table=[[default_catalog, default_database, MyTable, source: [CsvTableSource(read fields: first, id, score, last)]]])

LogicalLegacySink(name=[`default_catalog`.`default_database`.`MySink2`], fields=[last])
+- LogicalProject(last=[$3])
   +- LogicalTableScan(table=[[default_catalog, default_database, MyTable, source: [CsvTableSource(read fields: first, id, score, last)]]])

== Optimized Logical Plan ==
LegacySink(name=[`default_catalog`.`default_database`.`MySink1`], fields=[first])
+- LegacyTableSourceScan(table=[[default_catalog, default_database, MyTable, source: [CsvTableSource(read fields: first)]]], fields=[first])

LegacySink(name=[`default_catalog`.`default_database`.`MySink2`], fields=[last])
+- LegacyTableSourceScan(table=[[default_catalog, default_database, MyTable, source: [CsvTableSource(read fields: last)]]], fields=[last])

== Physical Execution Plan ==
 : Data Source
	content : Source_Custom_File_s

	 : Operator
		content : CsvTableSource_read_
		ship_strategy : REBALANCE

		 : Operator
			content : SourceConversion_tab
			ship_strategy : FORWARD

			 : Operator
				content : SinkConversionToRow
				ship_strategy : FORWARD

				 : Operator
					content : Map
					ship_strategy : REBALANCE

 : Data Source
	content : Source_Custom_File_s_1

	 : Operator
		content : CsvTableSource_read__1
		ship_strategy : REBALANCE

		 : Operator
			content : SourceConversion_tab_1
			ship_strategy : FORWARD

			 : Operator
				content : SinkConversionToRow_1
				ship_strategy : FORWARD

				 : Operator
					content : Map_1
					ship_strategy : REBALANCE

					 : Data Sink
						content : Sink_CsvTableSink_fi
						ship_strategy : FORWARD

						 : Data Sink
							content : Sink_CsvTableSink_la
							ship_strategy : FORWARD

