== Abstract Syntax Tree ==
LogicalLegacySink(name=[`default_catalog`.`default_database`.`MySink`], fields=[first])
+- LogicalProject(first=[$0])
   +- LogicalTableScan(table=[[default_catalog, default_database, MyTable, source: [CsvTableSource(read fields: first, id, score, last)]]])

== Optimized Logical Plan ==
LegacySink(name=[`default_catalog`.`default_database`.`MySink`], fields=[first])
+- LegacyTableSourceScan(table=[[default_catalog, default_database, MyTable, source: [CsvTableSource(read fields: first)]]], fields=[first])

== Physical Execution Plan ==
 : Data Source
	content : Source_Custom_File_s

	 : Operator
		content : CsvTableSource_read_
		ship_strategy : RESCALE

		 : Operator
			content : SourceConversion_tab
			ship_strategy : FORWARD

			 : Operator
				content : SinkConversionToRow
				ship_strategy : FORWARD

				 : Operator
					content : Map
					ship_strategy : FORWARD

					 : Data Sink
						content : Sink_CsvTableSink_fi
						ship_strategy : FORWARD

