== Abstract Syntax Tree ==
LogicalProject(a=[$0], b=[$1], c=[$2])
+- LogicalFilter(condition=[>($0, 10)])
   +- LogicalTableScan(table=[[default_catalog, default_database, MyTable, source: [CollectionTableSource(a, b, c)]]])

== Optimized Logical Plan ==
Calc(select=[a, b, c], where=[>(a, 10)], changelogMode=[I])
+- LegacyTableSourceScan(table=[[default_catalog, default_database, MyTable, source: [CollectionTableSource(a, b, c)]]], fields=[a, b, c], changelogMode=[I])

== Physical Execution Plan ==
 : Data Source
	content : Source_Custom_Source

	 : Operator
		content : SourceConversion_tab
		ship_strategy : FORWARD

		 : Operator
			content : Calc_select_a_b_c_wh
			ship_strategy : FORWARD

