== Abstract Syntax Tree ==
LogicalLegacySink(name=[`default_catalog`.`default_database`.`MySink`], fields=[d, e])
+- LogicalProject(d=[$0], e=[$1])
   +- LogicalFilter(condition=[>($0, 10)])
      +- LogicalTableScan(table=[[default_catalog, default_database, MyTable, source: [CollectionTableSource(a, b, c)]]])

== Optimized Logical Plan ==
LegacySink(name=[`default_catalog`.`default_database`.`MySink`], fields=[d, e])
+- Calc(select=[a, b], where=[>(a, 10)])
   +- LegacyTableSourceScan(table=[[default_catalog, default_database, MyTable, source: [CollectionTableSource(a, b, c)]]], fields=[a, b, c])

== Physical Execution Plan ==
 : Data Source
	content : Source_Custom_Source

	 : Operator
		content : SourceConversion_tab
		ship_strategy : FORWARD

		 : Operator
			content : Calc_select_a_b_wher
			ship_strategy : FORWARD

			 : Operator
				content : SinkConversionToRow
				ship_strategy : FORWARD

				 : Data Sink
					content : Sink_Unnamed
					ship_strategy : FORWARD

