INSERT INTO `test`(`id`, `num`, `ts`) VALUES (2, 2, '1970-01-01 00:00:00.002000') ON DUPLICATE KEY UPDATE `id`=VALUES(`id`), `num`=VALUES(`num`), `ts`=VALUES(`ts`)
INSERT INTO `test`(`id`, `num`, `ts`) VALUES (3, 2, '1970-01-01 00:00:00.003000') ON DUPLICATE KEY UPDATE `id`=VALUES(`id`), `num`=VALUES(`num`), `ts`=VALUES(`ts`)
INSERT INTO `test`(`id`, `num`, `ts`) VALUES (4, 3, '1970-01-01 00:00:00.004000') ON DUPLICATE KEY UPDATE `id`=VALUES(`id`), `num`=VALUES(`num`), `ts`=VALUES(`ts`)
